[quantumlabtemplate.webflow.ioabout.html.html]
[backblue.gif]
[fade.gif]
[index.html]
[cdn.prod.website-files.com/68a342b7066c56fa60eb3af1/css/quantumlabtemplate.webflow.shared.67446218a.css]
[ajax.googleapis.com/ajax/libs/webfont/1.6.26/webfont.js]
[quantumlabtemplate.webflow.iocareers.html.html]
[quantumlabtemplate.webflow.io/company-pages/coming-soon.html]
[cdn.prod.website-files.com/68a342b7066c56fa60eb3b39/68a6e5ff7b59be67bb3ac207_john-carter-avatar-quantum-webflow-template.jpg]
[cdn.prod.website-files.com/68a342b7066c56fa60eb3b39/68a6e5d29b2f76acd088f052_sophie-moore-avatar-quantum-webflow-template.jpg]
[cdn.prod.website-files.com/68a342b7066c56fa60eb3b39/68a6e5b658f5ca9f60fd5e16_lilly-woods-avatar-quantum-webflow-template.jpg]
[cdn.prod.website-files.com/68a342b7066c56fa60eb3b39/68a6e5268e58fa10010ce586_matt-cannon-avatar-quantum-webflow-template.jpg]
[cdn.prod.website-files.com/68a342b7066c56fa60eb3af1/690521077a4dbcce40866f20_webflow-logo.png]
[cdn.prod.website-files.com/68a342b7066c56fa60eb3af1/690521077a4dbcce40866f1d_customize-your-webflow-template-brix-templates.png]
[d3e54v103j8qbb.cloudfront.net/js/jquery-3.5.1.min.dc5e7f18c88014.js]
[cdn.prod.website-files.com/68a342b7066c56fa60eb3af1/js/webflow.schunk.e0c428ff9737f919.js]
[cdn.prod.website-files.com/68a342b7066c56fa60eb3af1/js/webflow.schunk.85a2021882e7f196.js]
[cdn.prod.website-files.com/68a342b7066c56fa60eb3af1/js/webflow.2d208046.d659259bff6efdc7.js]
[cdn.prod.website-files.com/gsap/3.14.2/gsap.min.js]
[cdn.prod.website-files.com/gsap/3.14.2/Observer.min.js]
[cdn.prod.website-files.com/gsap/3.14.2/ScrollTrigger.min.js]
[quantumlabtemplate.webflow.ioabout.html.html]
[cdn.prod.website-files.com/68a342b7066c56fa60eb3af1/css/quantumlabtemplate.webflow.shared.67446218a.css]
[cdn.prod.website-files.com/gsap/3.14.2/SplitText.min.js]
[cdn.prod.website-files.com/68a342b7066c56fa60eb3af1/68c0a4664661623f128973a8_sophie-moore-avatar-quantum-webflow-template.jpg]
[cdn.prod.website-files.com/68a342b7066c56fa60eb3af1/68c0a46663251d3af785ce3b_lilly-woods-avatar-quantum-webflow-template.jpg]
[cdn.prod.website-files.com/68a342b7066c56fa60eb3af1/68c0a466c1ed01739b8b49d7_matt-cannon-avatar-quantum-webflow-template.jpg]
[quantumlabtemplate.webflow.iocareers.html.html]
[quantumlabtemplate.webflow.io/company-pages/coming-soon.html]
